// Jest Snapshot v1, https://goo.gl/fbAQLP

exports[`Test Color Legend component snapshot test 1`] = `null`;
