// Jest Snapshot v1, https://goo.gl/fbAQLP

exports[`Test Color Legend snapshot test 1`] = `null`;

exports[`Test Color Legend snapshot test with props 1`] = `null`;
