// Jest Snapshot v1, https://goo.gl/fbAQLP

exports[`test search wells  snapshot test 1`] = `
<div
  class="makeStyles-root-1"
>
  <span
    aria-label="sitewide"
    class="sc-hiwReK dYIXlE"
    role="search"
  >
    <svg
      aria-labelledby="eds-search-3"
      class="sc-kfPtPH eNNZeU"
      fill="currentColor"
      height="16px"
      role="img"
      title="search icon"
      viewBox="0 0 16 16"
      width="16px"
      xmlns="http://www.w3.org/2000/svg"
    >
      <title
        id="eds-search-3"
      >
        search icon
      </title>
      <path
        class="sc-fKVsgm"
        clip-rule="evenodd"
        d="M14.966 14.255h.79l4.99 5-1.49 1.49-5-4.99v-.79l-.27-.28a6.471 6.471 0 01-4.23 1.57 6.5 6.5 0 116.5-6.5c0 1.61-.59 3.09-1.57 4.23l.28.27zm-9.71-4.5c0 2.49 2.01 4.5 4.5 4.5s4.5-2.01 4.5-4.5-2.01-4.5-4.5-4.5-4.5 2.01-4.5 4.5z"
        data-testid="eds-icon-path"
        fill-rule="evenodd"
        height="24"
        transform="scale(0.6666666666666666)"
      />
    </svg>
    <input
      aria-label="search input"
      class="sc-ehCIER cUOZbh"
      id="search-well-name"
      placeholder="Search well names"
      role="searchbox"
      type="search"
      value=""
    />
    <div
      class="sc-lcequs coPQAA"
      role="button"
      size="16"
    >
      <svg
        aria-labelledby="eds-close-4"
        class="sc-kfPtPH eNNZeU"
        fill="currentColor"
        height="16px"
        role="img"
        title="clear"
        viewBox="0 0 16 16"
        width="16px"
        xmlns="http://www.w3.org/2000/svg"
      >
        <title
          id="eds-close-4"
        >
          clear
        </title>
        <path
          class="sc-fKVsgm"
          clip-rule="evenodd"
          d="M19 6.41L17.59 5 12 10.59 6.41 5 5 6.41 10.59 12 5 17.59 6.41 19 12 13.41 17.59 19 19 17.59 13.41 12 19 6.41z"
          data-testid="eds-icon-path"
          fill-rule="evenodd"
          height="24"
          transform="scale(0.6666666666666666)"
        />
      </svg>
    </div>
  </span>
</div>
`;
