// Jest Snapshot v1, https://goo.gl/fbAQLP

exports[`test settings component snapshot test 1`] = `null`;
